{
  "format_version": "1.16.100",
  "minecraft:block": {
    "description": {
      "identifier": "custom:custom_stone"
    },
    "components": {
      "minecraft:destroy_time": 1.5,
      "minecraft:explosion_resistance": 6.0
    }
  }
}
